
> express-boilerplate@1.0.0 test
> jest src/modules/auth/tests/auth.controller.spec.ts

  console.log
    Initializing Application...

      at new Application (core/application.ts:14:13)

node.exe : FAIL src/modules/auth/tests/auth.controller.spec.ts
At C:\Program Files\nodejs\npm.ps1:29 char:3
+   & $NODE_EXE $NPM_CLI_JS $args
+   ~~~~~~~~~~~~~~~~~~~~~~~~~~~~~
    + CategoryInfo          : NotSpecified: (FAIL src/module...troller.spec.ts:String) [], 
RemoteExcept    ion
    + FullyQualifiedErrorId : NativeCommandError
 
  AuthController
    ├ù should register a new user (23 ms)
    ├ù should login with valid credentials (6 ms)
    ├ù should fail login with invalid credentials (2 ms)

  ΓùÅ AuthController ΓÇ║ should register a new user

    expect(received).toBe(expected) // Object.is equality

    Expected: 200
    Received: 500

    [0m [90m 23 |[39m       })[33m;[39m
     [90m 24 |[39m
    [31m[1m>[22m[39m[90m 25 |[39m     
expect(response[33m.[39mstatus)[33m.[39mtoBe([35m200[39m)[33m;[39m
     [90m    |[39m                             [31m[1m^[22m[39m
     [90m 26 |[39m     
expect(response[33m.[39mbody)[33m.[39mtoHaveProperty([32m'id'[39m)[33m;[39m
     [90m 27 |[39m     
expect(response[33m.[39mbody[33m.[39memail)[33m.[39mtoBe(uniqueEmail)[33m;[39m
     [90m 28 |[39m   })[33m;[39m[0m

      at Object.<anonymous> (modules/auth/tests/auth.controller.spec.ts:25:29)

  ΓùÅ AuthController ΓÇ║ should login with valid credentials

    expect(received).toBe(expected) // Object.is equality

    Expected: 200
    Received: 500

    [0m [90m 46 |[39m       })[33m;[39m
     [90m 47 |[39m
    [31m[1m>[22m[39m[90m 48 |[39m     
expect(response[33m.[39mstatus)[33m.[39mtoBe([35m200[39m)[33m;[39m
     [90m    |[39m                             [31m[1m^[22m[39m
     [90m 49 |[39m     
expect(response[33m.[39mbody)[33m.[39mtoHaveProperty([32m'token'[39m)[33m;[39m
     [90m 50 |[39m     
expect(response[33m.[39mheaders[[32m'set-cookie'[39m])[33m.[39mtoBeDefined()[33m;[39m
     [90m 51 |[39m   })[33m;[39m[0m

      at Object.<anonymous> (modules/auth/tests/auth.controller.spec.ts:48:29)

  ΓùÅ AuthController ΓÇ║ should fail login with invalid credentials

    expect(received).toBe(expected) // Object.is equality

    Expected: 401
    Received: 500

    [0m [90m 59 |[39m       })[33m;[39m
     [90m 60 |[39m
    [31m[1m>[22m[39m[90m 61 |[39m     
expect(response[33m.[39mstatus)[33m.[39mtoBe([35m401[39m)[33m;[39m
     [90m    |[39m                             [31m[1m^[22m[39m
     [90m 62 |[39m   })[33m;[39m
     [90m 63 |[39m })[33m;[39m
     [90m 64 |[39m[0m

      at Object.<anonymous> (modules/auth/tests/auth.controller.spec.ts:61:29)

Test Suites: 1 failed, 1 total
Tests:       3 failed, 3 total
Snapshots:   0 total
Time:        1.661 s, estimated 2 s
Ran all test suites matching /src\\modules\\auth\\tests\\auth.controller.spec.ts/i.
